// Jest Snapshot v1, https://goo.gl/fbAQLP

exports[`Divider default 1`] = `
<View
  style={
    Array [
      Object {
        "height": 1,
        "width": "100%",
      },
      Object {
        "backgroundColor": "#F1F3F5",
      },
    ]
  }
/>
`;
