// Jest Snapshot v1, https://goo.gl/fbAQLP

exports[`Spacer default 1`] = `
<View
  style={
    Object {
      "flexBasis": "auto",
      "flexGrow": 1,
      "flexShrink": 1,
    }
  }
/>
`;
