// Jest Snapshot v1, https://goo.gl/fbAQLP

exports[`VStack default 1`] = `
<View
  style={
    Array [
      Object {
        "alignItems": "stretch",
        "alignSelf": "auto",
        "flexDirection": "column",
        "flexGrow": undefined,
        "flexShrink": undefined,
        "flexWrap": "nowrap",
        "height": undefined,
        "justifyContent": "flex-start",
        "width": undefined,
      },
      Object {
        "padding": 16,
      },
      undefined,
      undefined,
      Object {},
    ]
  }
/>
`;
