// Jest Snapshot v1, https://goo.gl/fbAQLP

exports[`Caption default 1`] = `
<Text
  style={
    Array [
      Object {
        "fontFamily": "Graphik-Regular",
        "fontSize": 13,
        "fontWeight": "400",
        "lineHeight": 16,
      },
      Object {
        "paddingBottom": 4,
      },
      Object {
        "color": "#587088",
        "lineHeight": 16,
        "overflow": "visible",
        "textAlign": undefined,
      },
      undefined,
    ]
  }
>
  Hey, lil 🐛
</Text>
`;
