// Jest Snapshot v1, https://goo.gl/fbAQLP

exports[`LargeTitle default 1`] = `
<Text
  style={
    Array [
      Object {
        "fontFamily": "Graphik-Regular",
        "fontSize": 64,
        "fontWeight": "400",
        "lineHeight": 88,
      },
      Object {
        "color": "#071422",
        "lineHeight": 88,
        "textAlign": undefined,
      },
      Object {
        "paddingBottom": 32,
      },
      Object {},
      Object {},
    ]
  }
>
  Hey, lil 🐛
</Text>
`;
