// Jest Snapshot v1, https://goo.gl/fbAQLP

exports[`Title3 default 1`] = `
<Text
  style={
    Array [
      Object {
        "fontFamily": "Graphik-Medium",
        "fontSize": 20,
        "fontWeight": "500",
        "lineHeight": 28,
      },
      Object {
        "paddingBottom": 16,
      },
      Object {
        "color": "#071422",
        "lineHeight": 28,
        "overflow": "visible",
        "textAlign": undefined,
      },
      undefined,
    ]
  }
>
  Hey, lil 🐛
</Text>
`;
