// Jest Snapshot v1, https://goo.gl/fbAQLP

exports[`Title1 default 1`] = `
<Text
  style={
    Array [
      Object {
        "fontFamily": "Graphik-Medium",
        "fontSize": 28,
        "fontWeight": "500",
        "lineHeight": 40,
      },
      Object {
        "color": "#071422",
        "lineHeight": 40,
        "textAlign": undefined,
      },
      Object {
        "paddingBottom": 24,
      },
      Object {},
      Object {},
    ]
  }
>
  Hey, lil 🐛
</Text>
`;
