// Jest Snapshot v1, https://goo.gl/fbAQLP

exports[`Title2 default 1`] = `
<Text
  style={
    Array [
      Object {
        "fontFamily": "Graphik-Regular",
        "fontSize": 28,
        "fontWeight": "400",
        "lineHeight": 40,
      },
      Object {
        "paddingBottom": 20,
      },
      Object {
        "color": "#071422",
        "lineHeight": 40,
        "overflow": "visible",
        "textAlign": undefined,
      },
      undefined,
    ]
  }
>
  Hey, lil 🐛
</Text>
`;
